chris@liskov:~/TorML/ML$ python code/ML_main.py
Start training across 32 clients.
Train error: 0.9829503722
Train error: 0.0855257451
Train error: 0.2348314412
Train error: 0.2413985553
Train error: 0.2414274726
Train error: 0.2414419312
Train error: 0.2414563899
Train error: 0.2409850382
Train error: 0.2407276744
Train error: 0.2407970759
> /home/chris/TorML/ML/code/ML_main.py(163)non_iid()
-> print("Done iterations!")
(Pdb) hm_per_it
[matrix([[ 0.,  0.,  0., ...,  0.,  0.,  0.],
        [ 0.,  0.,  0., ...,  0.,  0.,  0.],
        [ 0.,  0.,  0., ...,  0.,  0.,  0.],
        ...,
        [ 0.,  0.,  0., ...,  0.,  0.,  0.],
        [ 0.,  0.,  0., ...,  0.,  0.,  0.],
        [ 0.,  0.,  0., ...,  0.,  0.,  0.]]), matrix([[  0.,   0.,   0., ...,   0.,   0.,   0.],
        [  0.,   0.,   0., ...,   0.,   0.,   0.],
        [  0.,   0.,   0., ...,   0.,   0.,   0.],
        ...,
        [  0.,   0.,   0., ...,   0.,  54.,  52.],
        [  0.,   0.,   0., ...,  54.,   0.,  59.],
        [  0.,   0.,   0., ...,  52.,  59.,   0.]]), matrix([[   0.,    0.,    0., ...,    0.,    0.,    0.],
        [   0.,    0.,    0., ...,    0.,    0.,    0.],
        [   0.,    0.,    0., ...,    0.,    0.,    0.],
        ...,
        [   0.,    0.,    0., ...,    0.,  108.,  112.],
        [   0.,    0.,    0., ...,  108.,    0.,  116.],
        [   0.,    0.,    0., ...,  112.,  116.,    0.]]), matrix([[   0.,    0.,    0., ...,    0.,    0.,    0.],
        [   0.,    0.,    0., ...,    0.,    0.,    0.],
        [   0.,    0.,    0., ...,    0.,    0.,    0.],
        ...,
        [   0.,    0.,    0., ...,    0.,  175.,  178.],
        [   0.,    0.,    0., ...,  175.,    0.,  180.],
        [   0.,    0.,    0., ...,  178.,  180.,    0.]]), matrix([[   0.,    0.,    0., ...,    0.,    0.,    0.],
        [   0.,    0.,    0., ...,    0.,    0.,    0.],
        [   0.,    0.,    0., ...,    0.,    0.,    0.],
        ...,
        [   0.,    0.,    0., ...,    0.,  227.,  232.],
        [   0.,    0.,    0., ...,  227.,    0.,  232.],
        [   0.,    0.,    0., ...,  232.,  232.,    0.]]), matrix([[   0.,    0.,    0., ...,    0.,    0.,    0.],
        [   0.,    0.,    0., ...,    0.,    0.,    0.],
        [   0.,    0.,    0., ...,    0.,    0.,    0.],
        ...,
        [   0.,    0.,    0., ...,    0.,  280.,  283.],
        [   0.,    0.,    0., ...,  280.,    0.,  285.],
        [   0.,    0.,    0., ...,  283.,  285.,    0.]]), matrix([[   0.,    0.,    0., ...,    0.,    0.,    0.],
        [   0.,    0.,    0., ...,    0.,    0.,    0.],
        [   0.,    0.,    0., ...,    0.,    0.,    0.],
        ...,
        [   0.,    0.,    0., ...,    0.,  339.,  341.],
        [   0.,    0.,    0., ...,  339.,    0.,  339.],
        [   0.,    0.,    0., ...,  341.,  339.,    0.]]), matrix([[   0.,    0.,    0., ...,    0.,    0.,    0.],
        [   0.,    0.,    0., ...,    0.,    0.,    0.],
        [   0.,    0.,    0., ...,    0.,    0.,    0.],
        ...,
        [   0.,    0.,    0., ...,    0.,  396.,  393.],
        [   0.,    0.,    0., ...,  396.,    0.,  399.],
        [   0.,    0.,    0., ...,  393.,  399.,    0.]]), matrix([[   0.,    0.,    0., ...,    0.,    0.,    0.],
        [   0.,    0.,    0., ...,    0.,    0.,    0.],
        [   0.,    0.,    0., ...,    0.,    0.,    0.],
        ...,
        [   0.,    0.,    0., ...,    0.,  458.,  441.],
        [   0.,    0.,    0., ...,  458.,    0.,  455.],
        [   0.,    0.,    0., ...,  441.,  455.,    0.]]), matrix([[   0.,    0.,    0., ...,    0.,    0.,    0.],
        [   0.,    0.,    0., ...,    0.,    0.,    0.],
        [   0.,    0.,    0., ...,    0.,    0.,    0.],
        ...,
        [   0.,    0.,    0., ...,    0.,  507.,  495.],
        [   0.,    0.,    0., ...,  507.,    0.,  500.],
        [   0.,    0.,    0., ...,  495.,  500.,    0.]])]
(Pdb) poison_per_it
*** NameError: name 'poison_per_it' is not defined
(Pdb) poisoned_per_it
[[0.0, 0.0, 0.0, 0.0, 0.0, 0.0, 0.0, 0.0, 0.0, 0.0, 0.0, 1.0, 0.0, 0.0, 0.0, 0.0, 0.0, 0.0, 0.0, 0.0, 0.0, 0.0, 0.0, 2.0, 2.0, 1.0, 2.0, 1.0, 2.0, 2.0, 2.0, 1.0], [0.0, 0.0, 0.0, 0.0, 0.0, 0.0, 0.0, 0.0, 0.0, 0.0, 0.0, 127.0, 0.0, 0.0, 0.0, 0.0, 0.0, 0.0, 0.0, 0.0, 0.0, 0.0, 0.0, 170.0, 183.0, 176.0, 174.0, 170.0, 179.0, 180.0, 177.0, 178.0], [0.0, 0.0, 0.0, 0.0, 0.0, 0.0, 0.0, 0.0, 0.0, 0.0, 0.0, 260.0, 0.0, 0.0, 0.0, 0.0, 0.0, 0.0, 0.0, 0.0, 0.0, 0.0, 0.0, 334.0, 359.0, 352.0, 356.0, 343.0, 355.0, 353.0, 345.0, 353.0], [0.0, 0.0, 0.0, 0.0, 0.0, 0.0, 0.0, 0.0, 0.0, 0.0, 0.0, 385.0, 0.0, 0.0, 0.0, 0.0, 0.0, 0.0, 0.0, 0.0, 0.0, 0.0, 0.0, 505.0, 535.0, 531.0, 537.0, 513.0, 533.0, 533.0, 526.0, 530.0], [0.0, 0.0, 0.0, 0.0, 0.0, 0.0, 0.0, 0.0, 0.0, 0.0, 0.0, 503.0, 0.0, 0.0, 0.0, 0.0, 0.0, 0.0, 0.0, 0.0, 0.0, 0.0, 0.0, 684.0, 712.0, 701.0, 704.0, 685.0, 702.0, 701.0, 705.0, 700.0], [0.0, 0.0, 0.0, 0.0, 0.0, 0.0, 0.0, 0.0, 0.0, 0.0, 0.0, 626.0, 0.0, 0.0, 0.0, 0.0, 0.0, 0.0, 0.0, 0.0, 0.0, 0.0, 0.0, 857.0, 881.0, 867.0, 879.0, 862.0, 872.0, 877.0, 883.0, 875.0], [0.0, 0.0, 0.0, 0.0, 0.0, 0.0, 0.0, 0.0, 0.0, 0.0, 0.0, 748.0, 0.0, 0.0, 0.0, 0.0, 0.0, 0.0, 0.0, 0.0, 0.0, 0.0, 0.0, 1031.0, 1061.0, 1041.0, 1053.0, 1043.0, 1049.0, 1049.0, 1052.0, 1052.0], [0.0, 0.0, 0.0, 0.0, 0.0, 0.0, 0.0, 0.0, 0.0, 0.0, 0.0, 875.0, 0.0, 0.0, 0.0, 0.0, 0.0, 0.0, 0.0, 0.0, 0.0, 0.0, 0.0, 1205.0, 1241.0, 1214.0, 1231.0, 1212.0, 1223.0, 1218.0, 1235.0, 1232.0], [0.0, 0.0, 0.0, 0.0, 0.0, 0.0, 0.0, 0.0, 0.0, 0.0, 0.0, 989.0, 0.0, 0.0, 0.0, 0.0, 0.0, 0.0, 0.0, 0.0, 0.0, 0.0, 0.0, 1380.0, 1413.0, 1388.0, 1411.0, 1395.0, 1398.0, 1397.0, 1408.0, 1405.0], [0.0, 0.0, 0.0, 0.0, 0.0, 0.0, 0.0, 0.0, 0.0, 0.0, 0.0, 1095.0, 0.0, 0.0, 0.0, 0.0, 0.0, 0.0, 0.0, 0.0, 0.0, 0.0, 0.0, 1555.0, 1593.0, 1560.0, 1588.0, 1568.0, 1566.0, 1566.0, 1575.0, 1577.0]]
(Pdb) poisoned_per_it[0]
[0.0, 0.0, 0.0, 0.0, 0.0, 0.0, 0.0, 0.0, 0.0, 0.0, 0.0, 1.0, 0.0, 0.0, 0.0, 0.0, 0.0, 0.0, 0.0, 0.0, 0.0, 0.0, 0.0, 2.0, 2.0, 1.0, 2.0, 1.0, 2.0, 2.0, 2.0, 1.0]
(Pdb) poisoned_per_it[1]
[0.0, 0.0, 0.0, 0.0, 0.0, 0.0, 0.0, 0.0, 0.0, 0.0, 0.0, 127.0, 0.0, 0.0, 0.0, 0.0, 0.0, 0.0, 0.0, 0.0, 0.0, 0.0, 0.0, 170.0, 183.0, 176.0, 174.0, 170.0, 179.0, 180.0, 177.0, 178.0]
(Pdb) poisoned_per_it[2]
[0.0, 0.0, 0.0, 0.0, 0.0, 0.0, 0.0, 0.0, 0.0, 0.0, 0.0, 260.0, 0.0, 0.0, 0.0, 0.0, 0.0, 0.0, 0.0, 0.0, 0.0, 0.0, 0.0, 334.0, 359.0, 352.0, 356.0, 343.0, 355.0, 353.0, 345.0, 353.0]
(Pdb) poisoned_per_it[3]
[0.0, 0.0, 0.0, 0.0, 0.0, 0.0, 0.0, 0.0, 0.0, 0.0, 0.0, 385.0, 0.0, 0.0, 0.0, 0.0, 0.0, 0.0, 0.0, 0.0, 0.0, 0.0, 0.0, 505.0, 535.0, 531.0, 537.0, 513.0, 533.0, 533.0, 526.0, 530.0]
(Pdb) poisoned_per_it[4]
[0.0, 0.0, 0.0, 0.0, 0.0, 0.0, 0.0, 0.0, 0.0, 0.0, 0.0, 503.0, 0.0, 0.0, 0.0, 0.0, 0.0, 0.0, 0.0, 0.0, 0.0, 0.0, 0.0, 684.0, 712.0, 701.0, 704.0, 685.0, 702.0, 701.0, 705.0, 700.0]
(Pdb) poisoned_per_it[5]
[0.0, 0.0, 0.0, 0.0, 0.0, 0.0, 0.0, 0.0, 0.0, 0.0, 0.0, 626.0, 0.0, 0.0, 0.0, 0.0, 0.0, 0.0, 0.0, 0.0, 0.0, 0.0, 0.0, 857.0, 881.0, 867.0, 879.0, 862.0, 872.0, 877.0, 883.0, 875.0]
(Pdb) poisoned_per_it[6]
[0.0, 0.0, 0.0, 0.0, 0.0, 0.0, 0.0, 0.0, 0.0, 0.0, 0.0, 748.0, 0.0, 0.0, 0.0, 0.0, 0.0, 0.0, 0.0, 0.0, 0.0, 0.0, 0.0, 1031.0, 1061.0, 1041.0, 1053.0, 1043.0, 1049.0, 1049.0, 1052.0, 1052.0]
(Pdb) poisoned_per_it[7]
[0.0, 0.0, 0.0, 0.0, 0.0, 0.0, 0.0, 0.0, 0.0, 0.0, 0.0, 875.0, 0.0, 0.0, 0.0, 0.0, 0.0, 0.0, 0.0, 0.0, 0.0, 0.0, 0.0, 1205.0, 1241.0, 1214.0, 1231.0, 1212.0, 1223.0, 1218.0, 1235.0, 1232.0]
(Pdb) hm_per_it[8]
matrix([[   0.,    0.,    0., ...,    0.,    0.,    0.],
        [   0.,    0.,    0., ...,    0.,    0.,    0.],
        [   0.,    0.,    0., ...,    0.,    0.,    0.],
        ...,
        [   0.,    0.,    0., ...,    0.,  458.,  441.],
        [   0.,    0.,    0., ...,  458.,    0.,  455.],
        [   0.,    0.,    0., ...,  441.,  455.,    0.]])
(Pdb) hm_per_it[8][11]
matrix([[   0.,    0.,    0.,    0.,    0.,    0.,    0.,    0.,    0.,
            0.,    0.,    0.,    0.,    0.,    0.,    0.,    0.,    0.,
            0.,    0.,    0.,    0.,    0.,  207.,  203.,  204.,  206.,
          200.,  202.,  204.,  204.,  203.]])
