Clear all breaks? y
(Pdb) c
Train error: 0.3533000000 	 77 iterations left
Train error: 0.3328666667 	 76 iterations left
Train error: 0.3318333333 	 75 iterations left
Train error: 0.3492166667 	 74 iterations left
Train error: 0.3360666667 	 73 iterations left
Train error: 0.3417166667 	 72 iterations left
Train error: 0.3207666667 	 71 iterations left
Train error: 0.3254666667 	 70 iterations left
Train error: 0.3299166667 	 69 iterations left
Train error: 0.3143500000 	 68 iterations left
Train error: 0.3235166667 	 67 iterations left
Train error: 0.3169500000 	 66 iterations left
Train error: 0.3168833333 	 65 iterations left
Train error: 0.3143000000 	 64 iterations left
Train error: 0.3250000000 	 63 iterations left
Train error: 0.3122333333 	 62 iterations left
Train error: 0.3152666667 	 61 iterations left
Train error: 0.3152333333 	 60 iterations left
Train error: 0.3112166667 	 59 iterations left
Train error: 0.3136166667 	 58 iterations left
Train error: 0.3158833333 	 57 iterations left
Train error: 0.3079500000 	 56 iterations left
Train error: 0.3131666667 	 55 iterations left
Train error: 0.3069333333 	 54 iterations left
Train error: 0.3170166667 	 53 iterations left
Not improving much...Quiting...
Done iterations!
('Train error: %d', 0.31701666666666667)
('Test error: %d', 0.31890000000000002)
Overall Error: 0.769349205753
Target Training Accuracy on 1s: 0.000741619697419
Target Training Accuracy on misslabel 7s: 0.861452513966
Target Attack Rate (1 to 7): 0.965885493919

--Return--
> /home/chris/TorML/ML/code/ML_main.py(131)<module>()->None
-> distance = 1.0 / (150 * 7840) #49 attack
(Pdb) logistic_aggregator.hit_matrix
array([[  0.00000000e+00,   1.00000000e+01,   2.80000000e+01,
          3.00000000e+01,   3.80000000e+01,   1.10000000e+01,
          2.80000000e+01,   2.60000000e+01,   3.30000000e+01,
          1.60000000e+01,   1.50000000e+01,   1.60000000e+01,
          2.30000000e+01,   1.60000000e+01,   3.90000000e+01,
          2.90000000e+01,   3.70000000e+01,   4.80000000e+01,
          4.10000000e+01,   3.80000000e+01,   3.50000000e+01,
          2.90000000e+01,   2.90000000e+01,   2.80000000e+01,
          2.90000000e+01,   4.10000000e+01],
       [  1.00000000e+01,   0.00000000e+00,   1.04000000e+02,
          8.10000000e+01,   3.00000000e+00,   3.80000000e+01,
          1.90000000e+01,   0.00000000e+00,   1.38000000e+02,
          1.80000000e+02,   0.00000000e+00,   0.00000000e+00,
          0.00000000e+00,   0.00000000e+00,   5.30000000e+01,
          5.10000000e+01,   5.60000000e+01,   6.60000000e+01,
          5.60000000e+01,   7.60000000e+01,   6.00000000e+01,
          6.00000000e+01,   6.60000000e+01,   6.20000000e+01,
          6.80000000e+01,   6.70000000e+01],
       [  2.80000000e+01,   1.04000000e+02,   0.00000000e+00,
          1.80000000e+01,   1.51000000e+02,   1.02000000e+02,
          3.70000000e+01,   4.80000000e+01,   4.10000000e+01,
          3.90000000e+01,   1.00000000e+00,   2.00000000e+00,
          1.00000000e+00,   2.00000000e+00,   1.40000000e+01,
          1.30000000e+01,   1.00000000e+01,   1.60000000e+01,
          1.70000000e+01,   1.60000000e+01,   2.10000000e+01,
          1.40000000e+01,   1.80000000e+01,   1.20000000e+01,
          1.80000000e+01,   2.00000000e+01],
       [  3.00000000e+01,   8.10000000e+01,   1.80000000e+01,
          0.00000000e+00,   7.00000000e+01,   2.00000000e+00,
          7.10000000e+01,   1.50000000e+01,   1.20000000e+01,
          3.00000000e+01,   3.00000000e+00,   2.00000000e+00,
          1.00000000e+00,   3.00000000e+00,   1.80000000e+01,
          1.40000000e+01,   1.60000000e+01,   2.30000000e+01,
          1.60000000e+01,   2.70000000e+01,   1.80000000e+01,
          1.60000000e+01,   2.20000000e+01,   2.70000000e+01,
          2.50000000e+01,   1.90000000e+01],
       [  3.80000000e+01,   3.00000000e+00,   1.51000000e+02,
          7.00000000e+01,   0.00000000e+00,   1.28000000e+02,
          2.05000000e+02,   2.81000000e+02,   1.14000000e+02,
          0.00000000e+00,   2.30000000e+01,   1.80000000e+01,
          2.40000000e+01,   2.50000000e+01,   1.00000000e+00,
          0.00000000e+00,   0.00000000e+00,   0.00000000e+00,
          0.00000000e+00,   1.00000000e+00,   1.00000000e+00,
          0.00000000e+00,   0.00000000e+00,   0.00000000e+00,
          1.00000000e+00,   1.00000000e+00],
       [  1.10000000e+01,   3.80000000e+01,   1.02000000e+02,
          2.00000000e+00,   1.28000000e+02,   0.00000000e+00,
          4.00000000e+01,   7.10000000e+01,   9.00000000e+00,
          2.50000000e+01,   6.00000000e+00,   4.00000000e+00,
          5.00000000e+00,   3.00000000e+00,   1.20000000e+01,
          8.00000000e+00,   5.00000000e+00,   7.00000000e+00,
          7.00000000e+00,   7.00000000e+00,   7.00000000e+00,
          8.00000000e+00,   6.00000000e+00,   7.00000000e+00,
          6.00000000e+00,   6.00000000e+00],
       [  2.80000000e+01,   1.90000000e+01,   3.70000000e+01,
          7.10000000e+01,   2.05000000e+02,   4.00000000e+01,
          0.00000000e+00,   1.74000000e+02,   6.90000000e+01,
          1.70000000e+01,   1.50000000e+01,   1.40000000e+01,
          1.30000000e+01,   1.70000000e+01,   6.00000000e+00,
          4.00000000e+00,   4.00000000e+00,   3.00000000e+00,
          4.00000000e+00,   1.00000000e+01,   7.00000000e+00,
          3.00000000e+00,   6.00000000e+00,   9.00000000e+00,
          1.10000000e+01,   1.00000000e+01],
       [  2.60000000e+01,   0.00000000e+00,   4.80000000e+01,
          1.50000000e+01,   2.81000000e+02,   7.10000000e+01,
          1.74000000e+02,   0.00000000e+00,   3.30000000e+01,
          2.00000000e+00,   3.39000000e+02,   3.38000000e+02,
          3.37000000e+02,   3.32000000e+02,   2.00000000e+00,
          2.00000000e+00,   2.00000000e+00,   1.00000000e+00,
          3.00000000e+00,   1.00000000e+00,   1.00000000e+00,
          0.00000000e+00,   0.00000000e+00,   1.00000000e+00,
          2.00000000e+00,   0.00000000e+00],
       [  3.30000000e+01,   1.38000000e+02,   4.10000000e+01,
          1.20000000e+01,   1.14000000e+02,   9.00000000e+00,
          6.90000000e+01,   3.30000000e+01,   0.00000000e+00,
          1.70000000e+01,   2.00000000e+00,   2.00000000e+00,
          2.00000000e+00,   0.00000000e+00,   7.00000000e+00,
          4.00000000e+00,   3.00000000e+00,   6.00000000e+00,
          7.00000000e+00,   9.00000000e+00,   2.00000000e+00,
          1.00000000e+00,   1.00000000e+01,   1.10000000e+01,
          1.00000000e+01,   7.00000000e+00],
       [  1.60000000e+01,   1.80000000e+02,   3.90000000e+01,
          3.00000000e+01,   0.00000000e+00,   2.50000000e+01,
          1.70000000e+01,   2.00000000e+00,   1.70000000e+01,
          0.00000000e+00,   1.00000000e+00,   0.00000000e+00,
          1.00000000e+00,   0.00000000e+00,   4.29000000e+02,
          4.19000000e+02,   4.57000000e+02,   4.57000000e+02,
          4.27000000e+02,   4.53000000e+02,   4.39000000e+02,
          4.44000000e+02,   4.33000000e+02,   4.28000000e+02,
          4.71000000e+02,   4.50000000e+02],
       [  1.50000000e+01,   0.00000000e+00,   1.00000000e+00,
          3.00000000e+00,   2.30000000e+01,   6.00000000e+00,
          1.50000000e+01,   3.39000000e+02,   2.00000000e+00,
          1.00000000e+00,   0.00000000e+00,   1.24600000e+03,
          1.24500000e+03,   1.25800000e+03,   2.00000000e+00,
          3.00000000e+00,   0.00000000e+00,   4.00000000e+00,
          2.00000000e+00,   5.00000000e+00,   4.00000000e+00,
          4.00000000e+00,   5.00000000e+00,   4.00000000e+00,
          5.00000000e+00,   4.00000000e+00],
       [  1.60000000e+01,   0.00000000e+00,   2.00000000e+00,
          2.00000000e+00,   1.80000000e+01,   4.00000000e+00,
          1.40000000e+01,   3.38000000e+02,   2.00000000e+00,
          0.00000000e+00,   1.24600000e+03,   0.00000000e+00,
          1.24000000e+03,   1.24500000e+03,   5.00000000e+00,
          3.00000000e+00,   3.00000000e+00,   3.00000000e+00,
          2.00000000e+00,   5.00000000e+00,   4.00000000e+00,
          4.00000000e+00,   1.00000000e+00,   2.00000000e+00,
          7.00000000e+00,   6.00000000e+00],
       [  2.30000000e+01,   0.00000000e+00,   1.00000000e+00,
          1.00000000e+00,   2.40000000e+01,   5.00000000e+00,
          1.30000000e+01,   3.37000000e+02,   2.00000000e+00,
          1.00000000e+00,   1.24500000e+03,   1.24000000e+03,
          0.00000000e+00,   1.24600000e+03,   2.00000000e+00,
          5.00000000e+00,   4.00000000e+00,   3.00000000e+00,
          3.00000000e+00,   5.00000000e+00,   3.00000000e+00,
          4.00000000e+00,   1.00000000e+00,   5.00000000e+00,
          5.00000000e+00,   5.00000000e+00],
       [  1.60000000e+01,   0.00000000e+00,   2.00000000e+00,
          3.00000000e+00,   2.50000000e+01,   3.00000000e+00,
          1.70000000e+01,   3.32000000e+02,   0.00000000e+00,
          0.00000000e+00,   1.25800000e+03,   1.24500000e+03,
          1.24600000e+03,   0.00000000e+00,   5.00000000e+00,
          4.00000000e+00,   6.00000000e+00,   3.00000000e+00,
          2.00000000e+00,   5.00000000e+00,   4.00000000e+00,
          3.00000000e+00,   6.00000000e+00,   4.00000000e+00,
          4.00000000e+00,   4.00000000e+00],
       [  3.90000000e+01,   5.30000000e+01,   1.40000000e+01,
          1.80000000e+01,   1.00000000e+00,   1.20000000e+01,
          6.00000000e+00,   2.00000000e+00,   7.00000000e+00,
          4.29000000e+02,   2.00000000e+00,   5.00000000e+00,
          2.00000000e+00,   5.00000000e+00,   0.00000000e+00,
          5.59000000e+02,   5.85000000e+02,   5.97000000e+02,
          5.96000000e+02,   6.11000000e+02,   5.99000000e+02,
          5.84000000e+02,   6.16000000e+02,   5.99000000e+02,
          5.93000000e+02,   6.10000000e+02],
       [  2.90000000e+01,   5.10000000e+01,   1.30000000e+01,
          1.40000000e+01,   0.00000000e+00,   8.00000000e+00,
          4.00000000e+00,   2.00000000e+00,   4.00000000e+00,
          4.19000000e+02,   3.00000000e+00,   3.00000000e+00,
          5.00000000e+00,   4.00000000e+00,   5.59000000e+02,
          0.00000000e+00,   5.92000000e+02,   6.20000000e+02,
          5.71000000e+02,   5.90000000e+02,   5.60000000e+02,
          6.06000000e+02,   6.06000000e+02,   5.77000000e+02,
          6.01000000e+02,   6.05000000e+02],
       [  3.70000000e+01,   5.60000000e+01,   1.00000000e+01,
          1.60000000e+01,   0.00000000e+00,   5.00000000e+00,
          4.00000000e+00,   2.00000000e+00,   3.00000000e+00,
          4.57000000e+02,   0.00000000e+00,   3.00000000e+00,
          4.00000000e+00,   6.00000000e+00,   5.85000000e+02,
          5.92000000e+02,   0.00000000e+00,   6.42000000e+02,
          6.48000000e+02,   6.16000000e+02,   5.96000000e+02,
          6.13000000e+02,   6.15000000e+02,   6.06000000e+02,
          6.11000000e+02,   6.15000000e+02],
       [  4.80000000e+01,   6.60000000e+01,   1.60000000e+01,
          2.30000000e+01,   0.00000000e+00,   7.00000000e+00,
          3.00000000e+00,   1.00000000e+00,   6.00000000e+00,
          4.57000000e+02,   4.00000000e+00,   3.00000000e+00,
          3.00000000e+00,   3.00000000e+00,   5.97000000e+02,
          6.20000000e+02,   6.42000000e+02,   0.00000000e+00,
          6.23000000e+02,   5.98000000e+02,   6.04000000e+02,
          6.29000000e+02,   6.01000000e+02,   6.26000000e+02,
          6.57000000e+02,   6.03000000e+02],
       [  4.10000000e+01,   5.60000000e+01,   1.70000000e+01,
          1.60000000e+01,   0.00000000e+00,   7.00000000e+00,
          4.00000000e+00,   3.00000000e+00,   7.00000000e+00,
          4.27000000e+02,   2.00000000e+00,   2.00000000e+00,
          3.00000000e+00,   2.00000000e+00,   5.96000000e+02,
          5.71000000e+02,   6.48000000e+02,   6.23000000e+02,
          0.00000000e+00,   5.89000000e+02,   6.16000000e+02,
          6.19000000e+02,   5.94000000e+02,   6.00000000e+02,
          6.14000000e+02,   6.07000000e+02],
       [  3.80000000e+01,   7.60000000e+01,   1.60000000e+01,
          2.70000000e+01,   1.00000000e+00,   7.00000000e+00,
          1.00000000e+01,   1.00000000e+00,   9.00000000e+00,
          4.53000000e+02,   5.00000000e+00,   5.00000000e+00,
          5.00000000e+00,   5.00000000e+00,   6.11000000e+02,
          5.90000000e+02,   6.16000000e+02,   5.98000000e+02,
          5.89000000e+02,   0.00000000e+00,   5.78000000e+02,
          6.04000000e+02,   5.97000000e+02,   5.97000000e+02,
          5.96000000e+02,   5.95000000e+02],
       [  3.50000000e+01,   6.00000000e+01,   2.10000000e+01,
          1.80000000e+01,   1.00000000e+00,   7.00000000e+00,
          7.00000000e+00,   1.00000000e+00,   2.00000000e+00,
          4.39000000e+02,   4.00000000e+00,   4.00000000e+00,
          3.00000000e+00,   4.00000000e+00,   5.99000000e+02,
          5.60000000e+02,   5.96000000e+02,   6.04000000e+02,
          6.16000000e+02,   5.78000000e+02,   0.00000000e+00,
          5.98000000e+02,   5.95000000e+02,   5.95000000e+02,
          5.85000000e+02,   5.69000000e+02],
       [  2.90000000e+01,   6.00000000e+01,   1.40000000e+01,
          1.60000000e+01,   0.00000000e+00,   8.00000000e+00,
          3.00000000e+00,   0.00000000e+00,   1.00000000e+00,
          4.44000000e+02,   4.00000000e+00,   4.00000000e+00,
          4.00000000e+00,   3.00000000e+00,   5.84000000e+02,
          6.06000000e+02,   6.13000000e+02,   6.29000000e+02,
          6.19000000e+02,   6.04000000e+02,   5.98000000e+02,
          0.00000000e+00,   6.18000000e+02,   6.06000000e+02,
          5.96000000e+02,   6.11000000e+02],
       [  2.90000000e+01,   6.60000000e+01,   1.80000000e+01,
          2.20000000e+01,   0.00000000e+00,   6.00000000e+00,
          6.00000000e+00,   0.00000000e+00,   1.00000000e+01,
          4.33000000e+02,   5.00000000e+00,   1.00000000e+00,
          1.00000000e+00,   6.00000000e+00,   6.16000000e+02,
          6.06000000e+02,   6.15000000e+02,   6.01000000e+02,
          5.94000000e+02,   5.97000000e+02,   5.95000000e+02,
          6.18000000e+02,   0.00000000e+00,   6.08000000e+02,
          5.80000000e+02,   6.11000000e+02],
       [  2.80000000e+01,   6.20000000e+01,   1.20000000e+01,
          2.70000000e+01,   0.00000000e+00,   7.00000000e+00,
          9.00000000e+00,   1.00000000e+00,   1.10000000e+01,
          4.28000000e+02,   4.00000000e+00,   2.00000000e+00,
          5.00000000e+00,   4.00000000e+00,   5.99000000e+02,
          5.77000000e+02,   6.06000000e+02,   6.26000000e+02,
          6.00000000e+02,   5.97000000e+02,   5.95000000e+02,
          6.06000000e+02,   6.08000000e+02,   0.00000000e+00,
          6.06000000e+02,   6.13000000e+02],
       [  2.90000000e+01,   6.80000000e+01,   1.80000000e+01,
          2.50000000e+01,   1.00000000e+00,   6.00000000e+00,
          1.10000000e+01,   2.00000000e+00,   1.00000000e+01,
          4.71000000e+02,   5.00000000e+00,   7.00000000e+00,
          5.00000000e+00,   4.00000000e+00,   5.93000000e+02,
          6.01000000e+02,   6.11000000e+02,   6.57000000e+02,
          6.14000000e+02,   5.96000000e+02,   5.85000000e+02,
          5.96000000e+02,   5.80000000e+02,   6.06000000e+02,
          0.00000000e+00,   6.02000000e+02],
       [  4.10000000e+01,   6.70000000e+01,   2.00000000e+01,
          1.90000000e+01,   1.00000000e+00,   6.00000000e+00,
          1.00000000e+01,   0.00000000e+00,   7.00000000e+00,
          4.50000000e+02,   4.00000000e+00,   6.00000000e+00,
          5.00000000e+00,   4.00000000e+00,   6.10000000e+02,
          6.05000000e+02,   6.15000000e+02,   6.03000000e+02,
          6.07000000e+02,   5.95000000e+02,   5.69000000e+02,
          6.11000000e+02,   6.11000000e+02,   6.13000000e+02,
          6.02000000e+02,   0.00000000e+00]])
(Pdb) logistic_aggregator.it
0
(Pdb) logistic_aggregator.hit_matrix[0]
array([  0.,  10.,  28.,  30.,  38.,  11.,  28.,  26.,  33.,  16.,  15.,
        16.,  23.,  16.,  39.,  29.,  37.,  48.,  41.,  38.,  35.,  29.,
        29.,  28.,  29.,  41.])
(Pdb) logistic_aggregator.hit_matrix[1]
array([  10.,    0.,  104.,   81.,    3.,   38.,   19.,    0.,  138.,
        180.,    0.,    0.,    0.,    0.,   53.,   51.,   56.,   66.,
         56.,   76.,   60.,   60.,   66.,   62.,   68.,   67.])
(Pdb) logistic_aggregator.hit_matrix[2]
array([  28.,  104.,    0.,   18.,  151.,  102.,   37.,   48.,   41.,
         39.,    1.,    2.,    1.,    2.,   14.,   13.,   10.,   16.,
         17.,   16.,   21.,   14.,   18.,   12.,   18.,   20.])
(Pdb) logistic_aggregator.hit_matrix[3]
array([ 30.,  81.,  18.,   0.,  70.,   2.,  71.,  15.,  12.,  30.,   3.,
         2.,   1.,   3.,  18.,  14.,  16.,  23.,  16.,  27.,  18.,  16.,
        22.,  27.,  25.,  19.])
(Pdb) logistic_aggregator.hit_matrix[4]
array([  38.,    3.,  151.,   70.,    0.,  128.,  205.,  281.,  114.,
          0.,   23.,   18.,   24.,   25.,    1.,    0.,    0.,    0.,
          0.,    1.,    1.,    0.,    0.,    0.,    1.,    1.])
(Pdb) logistic_aggregator.hit_matrix[5]
array([  11.,   38.,  102.,    2.,  128.,    0.,   40.,   71.,    9.,
         25.,    6.,    4.,    5.,    3.,   12.,    8.,    5.,    7.,
          7.,    7.,    7.,    8.,    6.,    7.,    6.,    6.])
(Pdb) logistic_aggregator.hit_matrix[6]
array([  28.,   19.,   37.,   71.,  205.,   40.,    0.,  174.,   69.,
         17.,   15.,   14.,   13.,   17.,    6.,    4.,    4.,    3.,
          4.,   10.,    7.,    3.,    6.,    9.,   11.,   10.])
(Pdb) logistic_aggregator.hit_matrix[7]
array([  26.,    0.,   48.,   15.,  281.,   71.,  174.,    0.,   33.,
          2.,  339.,  338.,  337.,  332.,    2.,    2.,    2.,    1.,
          3.,    1.,    1.,    0.,    0.,    1.,    2.,    0.])
(Pdb) logistic_aggregator.hit_matrix[8]
array([  33.,  138.,   41.,   12.,  114.,    9.,   69.,   33.,    0.,
         17.,    2.,    2.,    2.,    0.,    7.,    4.,    3.,    6.,
          7.,    9.,    2.,    1.,   10.,   11.,   10.,    7.])
(Pdb) logistic_aggregator.hit_matrix[9]
array([  16.,  180.,   39.,   30.,    0.,   25.,   17.,    2.,   17.,
          0.,    1.,    0.,    1.,    0.,  429.,  419.,  457.,  457.,
        427.,  453.,  439.,  444.,  433.,  428.,  471.,  450.])
(Pdb) logistic_aggregator.hit_matrix[10]
array([  1.50000000e+01,   0.00000000e+00,   1.00000000e+00,
         3.00000000e+00,   2.30000000e+01,   6.00000000e+00,
         1.50000000e+01,   3.39000000e+02,   2.00000000e+00,
         1.00000000e+00,   0.00000000e+00,   1.24600000e+03,
         1.24500000e+03,   1.25800000e+03,   2.00000000e+00,
         3.00000000e+00,   0.00000000e+00,   4.00000000e+00,
         2.00000000e+00,   5.00000000e+00,   4.00000000e+00,
         4.00000000e+00,   5.00000000e+00,   4.00000000e+00,
         5.00000000e+00,   4.00000000e+00])
(Pdb) logistic_aggregator.hit_matrix[11]
array([  1.60000000e+01,   0.00000000e+00,   2.00000000e+00,
         2.00000000e+00,   1.80000000e+01,   4.00000000e+00,
         1.40000000e+01,   3.38000000e+02,   2.00000000e+00,
         0.00000000e+00,   1.24600000e+03,   0.00000000e+00,
         1.24000000e+03,   1.24500000e+03,   5.00000000e+00,
         3.00000000e+00,   3.00000000e+00,   3.00000000e+00,
         2.00000000e+00,   5.00000000e+00,   4.00000000e+00,
         4.00000000e+00,   1.00000000e+00,   2.00000000e+00,
         7.00000000e+00,   6.00000000e+00])
(Pdb) logistic_aggregator.hit_matrix[12]
array([  2.30000000e+01,   0.00000000e+00,   1.00000000e+00,
         1.00000000e+00,   2.40000000e+01,   5.00000000e+00,
         1.30000000e+01,   3.37000000e+02,   2.00000000e+00,
         1.00000000e+00,   1.24500000e+03,   1.24000000e+03,
         0.00000000e+00,   1.24600000e+03,   2.00000000e+00,
         5.00000000e+00,   4.00000000e+00,   3.00000000e+00,
         3.00000000e+00,   5.00000000e+00,   3.00000000e+00,
         4.00000000e+00,   1.00000000e+00,   5.00000000e+00,
         5.00000000e+00,   5.00000000e+00])
(Pdb) logistic_aggregator.hit_matrix[13]
array([   16.,     0.,     2.,     3.,    25.,     3.,    17.,   332.,
           0.,     0.,  1258.,  1245.,  1246.,     0.,     5.,     4.,
           6.,     3.,     2.,     5.,     4.,     3.,     6.,     4.,
           4.,     4.])
(Pdb) logistic_aggregator.hit_matrix[14]
array([  39.,   53.,   14.,   18.,    1.,   12.,    6.,    2.,    7.,
        429.,    2.,    5.,    2.,    5.,    0.,  559.,  585.,  597.,
        596.,  611.,  599.,  584.,  616.,  599.,  593.,  610.])
(Pdb) logistic_aggregator.hit_matrix[15]
array([  29.,   51.,   13.,   14.,    0.,    8.,    4.,    2.,    4.,
        419.,    3.,    3.,    5.,    4.,  559.,    0.,  592.,  620.,
        571.,  590.,  560.,  606.,  606.,  577.,  601.,  605.])
(Pdb) logistic_aggregator.hit_matrix[16]
array([  37.,   56.,   10.,   16.,    0.,    5.,    4.,    2.,    3.,
        457.,    0.,    3.,    4.,    6.,  585.,  592.,    0.,  642.,
        648.,  616.,  596.,  613.,  615.,  606.,  611.,  615.])
(Pdb) poisoning_compare.eval(Xtest, ytest, weights, 1,7)
Overall Error: 0.769349205753
Target Training Accuracy on 1s: 0.000741619697419
Target Training Accuracy on misslabel 7s: 0.861452513966
Target Attack Rate (1 to 7): 0.965885493919

0.96588549391871847
(Pdb) poisoning_compare.eval(Xtest, ytest, weights, 4,9)
Overall Error: 0.756656449647
Target Training Accuracy on 4s: 0.0
Target Training Accuracy on misslabel 9s: 0.929736090099
Target Attack Rate (4 to 9): 0.989558370421

0.98955837042108863
